// Jest Snapshot v1, https://goo.gl/fbAQLP

exports[`Render should render component 1`] = `
Array [
  <div
    className="sidemenu__logo_small_breakpoint"
    key="hamburger"
    onClick={[Function]}
  >
    <i
      className="fa fa-bars"
    />
    <span
      className="sidemenu__close"
    >
      <i
        className="fa fa-times"
      />
      Â Close
    </span>
  </div>,
  <div
    className="sidemenu__menu"
    key="main-menu"
  >
    <div
      className="sidemenu-item"
    >
      <a
        className="sidemenu-link"
        href="/dashboard/new"
      >
        <span
          className="icon-circle sidemenu-icon"
        >
          <i
            className="fa fa-fw fa-home"
          />
        </span>
      </a>
    </div>
    <div
      className="sidemenu-item"
    >
      <button
        className="sidemenu-link btn btn-transparent"
        onClick={[Function]}
      >
        <span
          className="icon-circle sidemenu-icon"
        >
          <i
            className="fa fa-fw fa-bars"
          />
        </span>
      </button>
    </div>
    <div
      className="sidemenu-item"
    >
      <button
        className="sidemenu-link btn btn-transparent"
      >
        <span
          className="icon-circle sidemenu-icon"
        >
          <i
            className="fa fa-fw fa-rocket"
          />
        </span>
      </button>
    </div>
  </div>,
  <BrandingSection
    key="brandingsection"
  />,
  <BottomSection
    key="bottomsection"
  />,
  "",
]
`;
