// Jest Snapshot v1, https://goo.gl/fbAQLP

exports[`BarGauge Render with basic options should render 1`] = `
<div
  style={
    Object {
      "display": "flex",
      "flexDirection": "column",
      "overflow": "hidden",
    }
  }
>
  <div
    style={
      Object {
        "alignItems": "center",
        "display": "flex",
        "flexDirection": "row-reverse",
        "justifyContent": "flex-end",
      }
    }
  >
    <FormattedDisplayValue
      className="bar-gauge__value"
      style={
        Object {
          "alignItems": "center",
          "color": "#808080",
          "display": "flex",
          "fontSize": 175,
          "height": "300px",
          "justifyContent": "flex-start",
          "lineHeight": 1,
          "paddingLeft": "10px",
          "width": "60px",
        }
      }
      value={
        Object {
          "numeric": 25,
          "text": "25",
        }
      }
    />
    <div
      style={
        Object {
          "background": "rgba(128, 128, 128, 0.25)",
          "borderRadius": "3px",
          "borderRight": "2px solid #808080",
          "height": "300px",
          "transition": "width 1s",
          "width": "60px",
        }
      }
    />
  </div>
</div>
`;
